[dotenv@17.2.3] injecting env (3) from .env -- tip: ÔÜÖ´©Å  load multiple .env files with { path: ['.env.local', '.env'] }
DATABASE_URL length: 64
DATABASE_URL starts with: postgresql://we
Testing connection...
Connection successful, result: [ { result: 1 } ]
Event count: 1
